{
  "manifest": {
    "members": [
      "multi-depends",
      "multi-pythons"
    ]
  },
  "options": {
    "exclude-newer": null,
    "prerelease-mode": null,
    "resolution-mode": null
  },
  "requires-python": [],
  "resolution-markers": [
    {
      "lhs": {
        "type": "variable",
        "value": "python_full_version"
      },
      "op": "<",
      "rhs": {
        "type": "version",
        "value": {
          "dev": null,
          "epoch": 0,
          "local": null,
          "post": null,
          "pre": null,
          "release": [
            3,
            12
          ]
        }
      },
      "type": "compare"
    },
    {
      "lhs": {
        "type": "variable",
        "value": "python_full_version"
      },
      "op": ">=",
      "rhs": {
        "type": "version",
        "value": {
          "dev": null,
          "epoch": 0,
          "local": null,
          "post": null,
          "pre": null,
          "release": [
            3,
            12
          ]
        }
      },
      "type": "compare"
    }
  ],
  "supported-markers": [],
  "version": 1
}
